2017-09-19 12:24:20,772 卡方检验开始.....
2017-09-19 12:24:20,773 1 has appear 4739,  it's  possile is 0.166667,now list is [[0.16666666666666666, 4739]]
2017-09-19 12:24:20,773 2 has appear 4785,  it's  possile is 0.166667,now list is [[0.16666666666666666, 4739], [0.16666666666666666, 4785]]
2017-09-19 12:24:20,775 3 has appear 4750,  it's  possile is 0.166667,now list is [[0.16666666666666666, 4739], [0.16666666666666666, 4785], [0.16666666666666666, 4750]]
2017-09-19 12:24:20,776 4 has appear 4757,  it's  possile is 0.166667,now list is [[0.16666666666666666, 4739], [0.16666666666666666, 4785], [0.16666666666666666, 4750], [0.16666666666666666, 4757]]
2017-09-19 12:24:20,776 5 has appear 4653,  it's  possile is 0.166667,now list is [[0.16666666666666666, 4739], [0.16666666666666666, 4785], [0.16666666666666666, 4750], [0.16666666666666666, 4757], [0.16666666666666666, 4653]]
2017-09-19 12:24:20,776 6 has appear 4852,  it's  possile is 0.166667,now list is [[0.16666666666666666, 4739], [0.16666666666666666, 4785], [0.16666666666666666, 4750], [0.16666666666666666, 4757], [0.16666666666666666, 4653], [0.16666666666666666, 4852]]
2017-09-19 12:24:20,776 卡方检验结束....
2017-09-19 12:24:20,776 卡方计算开始.....
2017-09-19 12:24:20,776 sum value is 22458121.000000
2017-09-19 12:24:20,776 sum value is 45354346.000000
2017-09-19 12:24:20,776 sum value is 67916846.000000
2017-09-19 12:24:20,776 sum value is 90545895.000000
2017-09-19 12:24:20,776 sum value is 112196304.000000
2017-09-19 12:24:20,778 sum value is 135738208.000000
2017-09-19 12:24:20,778 kafang value is 4.413793
2017-09-19 12:24:20,778 卡方计算结束.....
